Copyright 1986-2022 Xilinx, Inc. All Rights Reserved. Copyright 2022-2023 Advanced Micro Devices, Inc. All Rights Reserved.
---------------------------------------------------------------------------------------------------------------------------------------------
| Tool Version : Vivado v.2023.1 (lin64) Build 3865809 Sun May  7 15:04:56 MDT 2023
| Date         : Sat Jan  3 21:58:52 2026
| Host         : kk running 64-bit Ubuntu 22.04.5 LTS
| Command      : report_utilization -hierarchical -file flexagon_util.rpt
| Design       : flexpipe_top
| Device       : xc7z020clg400-1
| Speed File   : -1
| Design State : Synthesized
---------------------------------------------------------------------------------------------------------------------------------------------

Utilization Design Information

Table of Contents
-----------------
1. Utilization by Hierarchy

1. Utilization by Hierarchy
---------------------------

+--------------------+----------------+------------+------------+---------+------+-----+--------+--------+------------+
|      Instance      |     Module     | Total LUTs | Logic LUTs | LUTRAMs | SRLs | FFs | RAMB36 | RAMB18 | DSP Blocks |
+--------------------+----------------+------------+------------+---------+------+-----+--------+--------+------------+
| flexpipe_top       |          (top) |         87 |         87 |       0 |    0 | 311 |      0 |      0 |          0 |
|   (flexpipe_top)   |          (top) |         56 |         56 |       0 |    0 |  32 |      0 |      0 |          0 |
|   u_config_manager | config_manager |         17 |         17 |       0 |    0 | 271 |      0 |      0 |          0 |
|   u_memory_arbiter | memory_arbiter |         14 |         14 |       0 |    0 |   8 |      0 |      0 |          0 |
+--------------------+----------------+------------+------------+---------+------+-----+--------+--------+------------+


